// Jest Snapshot v1, https://goo.gl/fbAQLP

exports[`Button Test render Button component 1`] = `
<DocumentFragment>
  <button
    class="css-70a86a eiajpkf0"
    color="primary"
  >
    Button
  </button>
</DocumentFragment>
`;
